Analysis & Synthesis report for Pipeline_CPU
Wed Sep 02 11:31:40 2026
Quartus II 64-Bit Version 13.0.1 Build 232 06/12/2013 Service Pack 1 SJ Web Edition


---------------------
; Table of Contents ;
---------------------
  1. Legal Notice
  2. Analysis & Synthesis Summary
  3. Analysis & Synthesis Settings
  4. Parallel Compilation
  5. Analysis & Synthesis Source Files Read
  6. Analysis & Synthesis Resource Usage Summary
  7. Analysis & Synthesis Resource Utilization by Entity
  8. State Machine - |Pipeline_CPU|Complex_ALU:u_alu|state
  9. Registers Removed During Synthesis
 10. General Register Statistics
 11. Multiplexer Restructuring Statistics (Restructuring Performed)
 12. Parameter Settings for Inferred Entity Instance: Complex_ALU:u_alu|lpm_add_sub:Add1
 13. Parameter Settings for Inferred Entity Instance: Complex_ALU:u_alu|lpm_mult:Mult0
 14. Parameter Settings for Inferred Entity Instance: Complex_ALU:u_alu|lpm_mult:Mult0|mult_17t:auto_generated|alt_mac_mult:mac_mult1
 15. Parameter Settings for Inferred Entity Instance: Complex_ALU:u_alu|lpm_mult:Mult0|mult_17t:auto_generated|alt_mac_out:mac_out2
 16. lpm_mult Parameter Settings by Entity Instance
 17. Port Connectivity Checks: "Memory_32:u_mem"
 18. Elapsed Time Per Partition
 19. Analysis & Synthesis Messages



----------------
; Legal Notice ;
----------------
Copyright (C) 1991-2013 Altera Corporation
Your use of Altera Corporation's design tools, logic functions 
and other software and tools, and its AMPP partner logic 
functions, and any output files from any of the foregoing 
(including device programming or simulation files), and any 
associated documentation or information are expressly subject 
to the terms and conditions of the Altera Program License 
Subscription Agreement, Altera MegaCore Function License 
Agreement, or other applicable license agreement, including, 
without limitation, that your use is for the sole purpose of 
programming logic devices manufactured by Altera and sold by 
Altera or its authorized distributors.  Please refer to the 
applicable agreement for further details.



+--------------------------------------------------------------------------------------+
; Analysis & Synthesis Summary                                                         ;
+------------------------------------+-------------------------------------------------+
; Analysis & Synthesis Status        ; Successful - Wed Sep 02 11:31:40 2026           ;
; Quartus II 64-Bit Version          ; 13.0.1 Build 232 06/12/2013 SP 1 SJ Web Edition ;
; Revision Name                      ; Pipeline_CPU                                    ;
; Top-level Entity Name              ; Pipeline_CPU                                    ;
; Family                             ; Cyclone IV GX                                   ;
; Total logic elements               ; 283                                             ;
;     Total combinational functions  ; 212                                             ;
;     Dedicated logic registers      ; 115                                             ;
; Total registers                    ; 115                                             ;
; Total pins                         ; 72                                              ;
; Total virtual pins                 ; 0                                               ;
; Total memory bits                  ; 0                                               ;
; Embedded Multiplier 9-bit elements ; 0                                               ;
; Total GXB Receiver Channel PCS     ; 0                                               ;
; Total GXB Receiver Channel PMA     ; 0                                               ;
; Total GXB Transmitter Channel PCS  ; 0                                               ;
; Total GXB Transmitter Channel PMA  ; 0                                               ;
; Total PLLs                         ; 0                                               ;
+------------------------------------+-------------------------------------------------+


+----------------------------------------------------------------------------------------------------------------------+
; Analysis & Synthesis Settings                                                                                        ;
+----------------------------------------------------------------------------+--------------------+--------------------+
; Option                                                                     ; Setting            ; Default Value      ;
+----------------------------------------------------------------------------+--------------------+--------------------+
; Top-level entity name                                                      ; Pipeline_CPU       ; Pipeline_CPU       ;
; Family name                                                                ; Cyclone IV GX      ; Cyclone IV GX      ;
; Use smart compilation                                                      ; Off                ; Off                ;
; Enable parallel Assembler and TimeQuest Timing Analyzer during compilation ; On                 ; On                 ;
; Enable compact report table                                                ; Off                ; Off                ;
; Restructure Multiplexers                                                   ; Auto               ; Auto               ;
; Create Debugging Nodes for IP Cores                                        ; Off                ; Off                ;
; Preserve fewer node names                                                  ; On                 ; On                 ;
; Disable OpenCore Plus hardware evaluation                                  ; Off                ; Off                ;
; Verilog Version                                                            ; Verilog_2001       ; Verilog_2001       ;
; VHDL Version                                                               ; VHDL_1993          ; VHDL_1993          ;
; State Machine Processing                                                   ; Auto               ; Auto               ;
; Safe State Machine                                                         ; Off                ; Off                ;
; Extract Verilog State Machines                                             ; On                 ; On                 ;
; Extract VHDL State Machines                                                ; On                 ; On                 ;
; Ignore Verilog initial constructs                                          ; Off                ; Off                ;
; Iteration limit for constant Verilog loops                                 ; 5000               ; 5000               ;
; Iteration limit for non-constant Verilog loops                             ; 250                ; 250                ;
; Add Pass-Through Logic to Inferred RAMs                                    ; On                 ; On                 ;
; Infer RAMs from Raw Logic                                                  ; On                 ; On                 ;
; Parallel Synthesis                                                         ; On                 ; On                 ;
; DSP Block Balancing                                                        ; Auto               ; Auto               ;
; NOT Gate Push-Back                                                         ; On                 ; On                 ;
; Power-Up Don't Care                                                        ; On                 ; On                 ;
; Remove Redundant Logic Cells                                               ; Off                ; Off                ;
; Remove Duplicate Registers                                                 ; On                 ; On                 ;
; Ignore CARRY Buffers                                                       ; Off                ; Off                ;
; Ignore CASCADE Buffers                                                     ; Off                ; Off                ;
; Ignore GLOBAL Buffers                                                      ; Off                ; Off                ;
; Ignore ROW GLOBAL Buffers                                                  ; Off                ; Off                ;
; Ignore LCELL Buffers                                                       ; Off                ; Off                ;
; Ignore SOFT Buffers                                                        ; On                 ; On                 ;
; Limit AHDL Integers to 32 Bits                                             ; Off                ; Off                ;
; Optimization Technique                                                     ; Balanced           ; Balanced           ;
; Carry Chain Length                                                         ; 70                 ; 70                 ;
; Auto Carry Chains                                                          ; On                 ; On                 ;
; Auto Open-Drain Pins                                                       ; On                 ; On                 ;
; Perform WYSIWYG Primitive Resynthesis                                      ; Off                ; Off                ;
; Auto ROM Replacement                                                       ; On                 ; On                 ;
; Auto RAM Replacement                                                       ; On                 ; On                 ;
; Auto DSP Block Replacement                                                 ; On                 ; On                 ;
; Auto Shift Register Replacement                                            ; Auto               ; Auto               ;
; Allow Shift Register Merging across Hierarchies                            ; Auto               ; Auto               ;
; Auto Clock Enable Replacement                                              ; On                 ; On                 ;
; Strict RAM Replacement                                                     ; Off                ; Off                ;
; Allow Synchronous Control Signals                                          ; On                 ; On                 ;
; Force Use of Synchronous Clear Signals                                     ; Off                ; Off                ;
; Auto RAM Block Balancing                                                   ; On                 ; On                 ;
; Auto RAM to Logic Cell Conversion                                          ; Off                ; Off                ;
; Auto Resource Sharing                                                      ; Off                ; Off                ;
; Allow Any RAM Size For Recognition                                         ; Off                ; Off                ;
; Allow Any ROM Size For Recognition                                         ; Off                ; Off                ;
; Allow Any Shift Register Size For Recognition                              ; Off                ; Off                ;
; Use LogicLock Constraints during Resource Balancing                        ; On                 ; On                 ;
; Ignore translate_off and synthesis_off directives                          ; Off                ; Off                ;
; Timing-Driven Synthesis                                                    ; On                 ; On                 ;
; Report Parameter Settings                                                  ; On                 ; On                 ;
; Report Source Assignments                                                  ; On                 ; On                 ;
; Report Connectivity Checks                                                 ; On                 ; On                 ;
; Ignore Maximum Fan-Out Assignments                                         ; Off                ; Off                ;
; Synchronization Register Chain Length                                      ; 2                  ; 2                  ;
; PowerPlay Power Optimization                                               ; Normal compilation ; Normal compilation ;
; HDL message level                                                          ; Level2             ; Level2             ;
; Suppress Register Optimization Related Messages                            ; Off                ; Off                ;
; Number of Removed Registers Reported in Synthesis Report                   ; 5000               ; 5000               ;
; Number of Swept Nodes Reported in Synthesis Report                         ; 5000               ; 5000               ;
; Number of Inverted Registers Reported in Synthesis Report                  ; 100                ; 100                ;
; Clock MUX Protection                                                       ; On                 ; On                 ;
; Auto Gated Clock Conversion                                                ; Off                ; Off                ;
; Block Design Naming                                                        ; Auto               ; Auto               ;
; SDC constraint protection                                                  ; Off                ; Off                ;
; Synthesis Effort                                                           ; Auto               ; Auto               ;
; Shift Register Replacement - Allow Asynchronous Clear Signal               ; On                 ; On                 ;
; Pre-Mapping Resynthesis Optimization                                       ; Off                ; Off                ;
; Analysis & Synthesis Message Level                                         ; Medium             ; Medium             ;
; Disable Register Merging Across Hierarchies                                ; Auto               ; Auto               ;
; Resource Aware Inference For Block RAM                                     ; On                 ; On                 ;
; Synthesis Seed                                                             ; 1                  ; 1                  ;
+----------------------------------------------------------------------------+--------------------+--------------------+


Parallel compilation was disabled, but you have multiple processors available. Enable parallel compilation to reduce compilation time.
+-------------------------------------+
; Parallel Compilation                ;
+----------------------------+--------+
; Processors                 ; Number ;
+----------------------------+--------+
; Number detected on machine ; 20     ;
; Maximum allowed            ; 1      ;
+----------------------------+--------+


+-------------------------------------------------------------------------------------------------------------------------------------------------------------------------+
; Analysis & Synthesis Source Files Read                                                                                                                                  ;
+----------------------------------+-----------------+------------------------------+---------------------------------------------------------------------------+---------+
; File Name with User-Entered Path ; Used in Netlist ; File Type                    ; File Name with Absolute Path                                              ; Library ;
+----------------------------------+-----------------+------------------------------+---------------------------------------------------------------------------+---------+
; pipeline_cpu.v                   ; yes             ; Auto-Found Verilog HDL File  ; C:/D_backup/shayan2/daaneshgaah/DSD_LAB/Main/8/pipeline_cpu.v             ;         ;
; lpm_add_sub.tdf                  ; yes             ; Megafunction                 ; c:/altera/13.0sp1/quartus/libraries/megafunctions/lpm_add_sub.tdf         ;         ;
; addcore.inc                      ; yes             ; Megafunction                 ; c:/altera/13.0sp1/quartus/libraries/megafunctions/addcore.inc             ;         ;
; look_add.inc                     ; yes             ; Megafunction                 ; c:/altera/13.0sp1/quartus/libraries/megafunctions/look_add.inc            ;         ;
; bypassff.inc                     ; yes             ; Megafunction                 ; c:/altera/13.0sp1/quartus/libraries/megafunctions/bypassff.inc            ;         ;
; altshift.inc                     ; yes             ; Megafunction                 ; c:/altera/13.0sp1/quartus/libraries/megafunctions/altshift.inc            ;         ;
; alt_stratix_add_sub.inc          ; yes             ; Megafunction                 ; c:/altera/13.0sp1/quartus/libraries/megafunctions/alt_stratix_add_sub.inc ;         ;
; aglobal130.inc                   ; yes             ; Megafunction                 ; c:/altera/13.0sp1/quartus/libraries/megafunctions/aglobal130.inc          ;         ;
; db/add_sub_l3j.tdf               ; yes             ; Auto-Generated Megafunction  ; C:/D_backup/shayan2/daaneshgaah/DSD_LAB/Main/8/db/add_sub_l3j.tdf         ;         ;
; lpm_mult.tdf                     ; yes             ; Megafunction                 ; c:/altera/13.0sp1/quartus/libraries/megafunctions/lpm_mult.tdf            ;         ;
; lpm_add_sub.inc                  ; yes             ; Megafunction                 ; c:/altera/13.0sp1/quartus/libraries/megafunctions/lpm_add_sub.inc         ;         ;
; multcore.inc                     ; yes             ; Megafunction                 ; c:/altera/13.0sp1/quartus/libraries/megafunctions/multcore.inc            ;         ;
; db/mult_17t.tdf                  ; yes             ; Auto-Generated Megafunction  ; C:/D_backup/shayan2/daaneshgaah/DSD_LAB/Main/8/db/mult_17t.tdf            ;         ;
; alt_mac_mult.tdf                 ; yes             ; Megafunction                 ; c:/altera/13.0sp1/quartus/libraries/megafunctions/alt_mac_mult.tdf        ;         ;
; lpm_mult.inc                     ; yes             ; Megafunction                 ; c:/altera/13.0sp1/quartus/libraries/megafunctions/lpm_mult.inc            ;         ;
; db/mac_mult_jah1.tdf             ; yes             ; Auto-Generated Megafunction  ; C:/D_backup/shayan2/daaneshgaah/DSD_LAB/Main/8/db/mac_mult_jah1.tdf       ;         ;
; db/mult_dho.tdf                  ; yes             ; Auto-Generated Megafunction  ; C:/D_backup/shayan2/daaneshgaah/DSD_LAB/Main/8/db/mult_dho.tdf            ;         ;
; alt_mac_out.tdf                  ; yes             ; Megafunction                 ; c:/altera/13.0sp1/quartus/libraries/megafunctions/alt_mac_out.tdf         ;         ;
; alt_zaccum.inc                   ; yes             ; Megafunction                 ; c:/altera/13.0sp1/quartus/libraries/megafunctions/alt_zaccum.inc          ;         ;
; db/mac_out_ov82.tdf              ; yes             ; Auto-Generated Megafunction  ; C:/D_backup/shayan2/daaneshgaah/DSD_LAB/Main/8/db/mac_out_ov82.tdf        ;         ;
+----------------------------------+-----------------+------------------------------+---------------------------------------------------------------------------+---------+


+---------------------------------------------+
; Analysis & Synthesis Resource Usage Summary ;
+--------------------------+------------------+
; Resource                 ; Usage            ;
+--------------------------+------------------+
; I/O pins                 ; 72               ;
; DSP block 9-bit elements ; 0                ;
; Maximum fan-out node     ; clk~input        ;
; Maximum fan-out          ; 115              ;
; Total fan-out            ; 1195             ;
; Average fan-out          ; 2.54             ;
+--------------------------+------------------+


+----------------------------------------------------------------------------------------------------------------------------------------------------------------------------------------------------------------------------------------------------------------------------------------------------------------------------------+
; Analysis & Synthesis Resource Utilization by Entity                                                                                                                                                                                                                                                                              ;
+-----------------------------------------------+-------------------+--------------+-------------+--------------+---------+-----------+-----------+------+--------------+-------------------------------------------------------------------------------------------------------------------------------------------+--------------+
; Compilation Hierarchy Node                    ; LC Combinationals ; LC Registers ; Memory Bits ; DSP Elements ; DSP 9x9 ; DSP 18x18 ; DSP 36x36 ; Pins ; Virtual Pins ; Full Hierarchy Name                                                                                                                       ; Library Name ;
+-----------------------------------------------+-------------------+--------------+-------------+--------------+---------+-----------+-----------+------+--------------+-------------------------------------------------------------------------------------------------------------------------------------------+--------------+
; |Pipeline_CPU                                 ; 212 (10)          ; 115 (40)     ; 0           ; 0            ; 0       ; 0         ; 0         ; 72   ; 0            ; |Pipeline_CPU                                                                                                                             ; work         ;
;    |Complex_ALU:u_alu|                        ; 198 (68)          ; 73 (73)      ; 0           ; 0            ; 0       ; 0         ; 0         ; 0    ; 0            ; |Pipeline_CPU|Complex_ALU:u_alu                                                                                                           ; work         ;
;       |lpm_add_sub:Add1|                      ; 33 (0)            ; 0 (0)        ; 0           ; 0            ; 0       ; 0         ; 0         ; 0    ; 0            ; |Pipeline_CPU|Complex_ALU:u_alu|lpm_add_sub:Add1                                                                                          ; work         ;
;          |add_sub_l3j:auto_generated|         ; 33 (33)           ; 0 (0)        ; 0           ; 0            ; 0       ; 0         ; 0         ; 0    ; 0            ; |Pipeline_CPU|Complex_ALU:u_alu|lpm_add_sub:Add1|add_sub_l3j:auto_generated                                                               ; work         ;
;       |lpm_mult:Mult0|                        ; 97 (0)            ; 0 (0)        ; 0           ; 0            ; 0       ; 0         ; 0         ; 0    ; 0            ; |Pipeline_CPU|Complex_ALU:u_alu|lpm_mult:Mult0                                                                                            ; work         ;
;          |mult_17t:auto_generated|            ; 97 (0)            ; 0 (0)        ; 0           ; 0            ; 0       ; 0         ; 0         ; 0    ; 0            ; |Pipeline_CPU|Complex_ALU:u_alu|lpm_mult:Mult0|mult_17t:auto_generated                                                                    ; work         ;
;             |alt_mac_mult:mac_mult1|          ; 97 (0)            ; 0 (0)        ; 0           ; 0            ; 0       ; 0         ; 0         ; 0    ; 0            ; |Pipeline_CPU|Complex_ALU:u_alu|lpm_mult:Mult0|mult_17t:auto_generated|alt_mac_mult:mac_mult1                                             ; work         ;
;                |mac_mult_jah1:auto_generated| ; 97 (0)            ; 0 (0)        ; 0           ; 0            ; 0       ; 0         ; 0         ; 0    ; 0            ; |Pipeline_CPU|Complex_ALU:u_alu|lpm_mult:Mult0|mult_17t:auto_generated|alt_mac_mult:mac_mult1|mac_mult_jah1:auto_generated                ; work         ;
;                   |mult_dho:mult1|            ; 97 (97)           ; 0 (0)        ; 0           ; 0            ; 0       ; 0         ; 0         ; 0    ; 0            ; |Pipeline_CPU|Complex_ALU:u_alu|lpm_mult:Mult0|mult_17t:auto_generated|alt_mac_mult:mac_mult1|mac_mult_jah1:auto_generated|mult_dho:mult1 ; work         ;
;    |Memory_32:u_mem|                          ; 4 (4)             ; 2 (2)        ; 0           ; 0            ; 0       ; 0         ; 0         ; 0    ; 0            ; |Pipeline_CPU|Memory_32:u_mem                                                                                                             ; work         ;
+-----------------------------------------------+-------------------+--------------+-------------+--------------+---------+-----------+-----------+------+--------------+-------------------------------------------------------------------------------------------------------------------------------------------+--------------+
Note: For table entries with two numbers listed, the numbers in parentheses indicate the number of resources of the given type used by the specific entity alone. The numbers listed outside of parentheses indicate the total resources of the given type used by the specific entity and all of its sub-entities in the hierarchy.


Encoding Type:  One-Hot
+--------------------------------------------------------------------------------------------------------------------------------------------------------------+
; State Machine - |Pipeline_CPU|Complex_ALU:u_alu|state                                                                                                        ;
+---------------------+--------------+---------------------+--------------------+--------------+--------------+-----------------+-----------------+------------+
; Name                ; state.FINISH ; state.MUL_IR_SAVE_R ; state.MUL_RI_SUB_R ; state.MUL_II ; state.MUL_RR ; state.ADD_SUB_I ; state.ADD_SUB_R ; state.IDLE ;
+---------------------+--------------+---------------------+--------------------+--------------+--------------+-----------------+-----------------+------------+
; state.IDLE          ; 0            ; 0                   ; 0                  ; 0            ; 0            ; 0               ; 0               ; 0          ;
; state.ADD_SUB_R     ; 0            ; 0                   ; 0                  ; 0            ; 0            ; 0               ; 1               ; 1          ;
; state.ADD_SUB_I     ; 0            ; 0                   ; 0                  ; 0            ; 0            ; 1               ; 0               ; 1          ;
; state.MUL_RR        ; 0            ; 0                   ; 0                  ; 0            ; 1            ; 0               ; 0               ; 1          ;
; state.MUL_II        ; 0            ; 0                   ; 0                  ; 1            ; 0            ; 0               ; 0               ; 1          ;
; state.MUL_RI_SUB_R  ; 0            ; 0                   ; 1                  ; 0            ; 0            ; 0               ; 0               ; 1          ;
; state.MUL_IR_SAVE_R ; 0            ; 1                   ; 0                  ; 0            ; 0            ; 0               ; 0               ; 1          ;
; state.FINISH        ; 1            ; 0                   ; 0                  ; 0            ; 0            ; 0               ; 0               ; 1          ;
+---------------------+--------------+---------------------+--------------------+--------------+--------------+-----------------+-----------------+------------+


+------------------------------------------------------------+
; Registers Removed During Synthesis                         ;
+---------------------------------------+--------------------+
; Register name                         ; Reason for Removal ;
+---------------------------------------+--------------------+
; Complex_ALU:u_alu|state~12            ; Lost fanout        ;
; Complex_ALU:u_alu|state~13            ; Lost fanout        ;
; Complex_ALU:u_alu|state~14            ; Lost fanout        ;
; Total Number of Removed Registers = 3 ;                    ;
+---------------------------------------+--------------------+


+------------------------------------------------------+
; General Register Statistics                          ;
+----------------------------------------------+-------+
; Statistic                                    ; Value ;
+----------------------------------------------+-------+
; Total registers                              ; 115   ;
; Number of registers using Synchronous Clear  ; 0     ;
; Number of registers using Synchronous Load   ; 0     ;
; Number of registers using Asynchronous Clear ; 47    ;
; Number of registers using Asynchronous Load  ; 0     ;
; Number of registers using Clock Enable       ; 102   ;
; Number of registers using Preset             ; 0     ;
+----------------------------------------------+-------+


+----------------------------------------------------------------------------------------------------------------------------------------------------------+
; Multiplexer Restructuring Statistics (Restructuring Performed)                                                                                           ;
+--------------------+-----------+---------------+----------------------+------------------------+------------+--------------------------------------------+
; Multiplexer Inputs ; Bus Width ; Baseline Area ; Area if Restructured ; Saving if Restructured ; Registered ; Example Multiplexer Output                 ;
+--------------------+-----------+---------------+----------------------+------------------------+------------+--------------------------------------------+
; 4:1                ; 32 bits   ; 64 LEs        ; 64 LEs               ; 0 LEs                  ; No         ; |Pipeline_CPU|Complex_ALU:u_alu|Selector27 ;
; 5:1                ; 2 bits    ; 6 LEs         ; 4 LEs                ; 2 LEs                  ; No         ; |Pipeline_CPU|Complex_ALU:u_alu|state      ;
+--------------------+-----------+---------------+----------------------+------------------------+------------+--------------------------------------------+


+-------------------------------------------------------------------------------------+
; Parameter Settings for Inferred Entity Instance: Complex_ALU:u_alu|lpm_add_sub:Add1 ;
+------------------------+---------------+--------------------------------------------+
; Parameter Name         ; Value         ; Type                                       ;
+------------------------+---------------+--------------------------------------------+
; LPM_WIDTH              ; 16            ; Untyped                                    ;
; LPM_REPRESENTATION     ; UNSIGNED      ; Untyped                                    ;
; LPM_DIRECTION          ; DEFAULT       ; Untyped                                    ;
; ONE_INPUT_IS_CONSTANT  ; NO            ; Untyped                                    ;
; LPM_PIPELINE           ; 0             ; Untyped                                    ;
; MAXIMIZE_SPEED         ; 5             ; Untyped                                    ;
; REGISTERED_AT_END      ; 0             ; Untyped                                    ;
; OPTIMIZE_FOR_SPEED     ; 5             ; Untyped                                    ;
; USE_CS_BUFFERS         ; 1             ; Untyped                                    ;
; CARRY_CHAIN            ; MANUAL        ; Untyped                                    ;
; CARRY_CHAIN_LENGTH     ; 48            ; CARRY_CHAIN_LENGTH                         ;
; DEVICE_FAMILY          ; Cyclone IV GX ; Untyped                                    ;
; USE_WYS                ; OFF           ; Untyped                                    ;
; STYLE                  ; FAST          ; Untyped                                    ;
; CBXI_PARAMETER         ; add_sub_l3j   ; Untyped                                    ;
; AUTO_CARRY_CHAINS      ; ON            ; AUTO_CARRY                                 ;
; IGNORE_CARRY_BUFFERS   ; OFF           ; IGNORE_CARRY                               ;
; AUTO_CASCADE_CHAINS    ; ON            ; AUTO_CASCADE                               ;
; IGNORE_CASCADE_BUFFERS ; OFF           ; IGNORE_CASCADE                             ;
+------------------------+---------------+--------------------------------------------+
Note: In order to hide this table in the UI and the text report file, please set the "Show Parameter Settings in Synthesis Report" option in "Analysis and Synthesis Settings -> More Settings" to "Off".


+--------------------------------------------------------------------------------------+
; Parameter Settings for Inferred Entity Instance: Complex_ALU:u_alu|lpm_mult:Mult0    ;
+------------------------------------------------+---------------+---------------------+
; Parameter Name                                 ; Value         ; Type                ;
+------------------------------------------------+---------------+---------------------+
; AUTO_CARRY_CHAINS                              ; ON            ; AUTO_CARRY          ;
; IGNORE_CARRY_BUFFERS                           ; OFF           ; IGNORE_CARRY        ;
; AUTO_CASCADE_CHAINS                            ; ON            ; AUTO_CASCADE        ;
; IGNORE_CASCADE_BUFFERS                         ; OFF           ; IGNORE_CASCADE      ;
; LPM_WIDTHA                                     ; 8             ; Untyped             ;
; LPM_WIDTHB                                     ; 8             ; Untyped             ;
; LPM_WIDTHP                                     ; 16            ; Untyped             ;
; LPM_WIDTHR                                     ; 16            ; Untyped             ;
; LPM_WIDTHS                                     ; 1             ; Untyped             ;
; LPM_REPRESENTATION                             ; SIGNED        ; Untyped             ;
; LPM_PIPELINE                                   ; 0             ; Untyped             ;
; LATENCY                                        ; 0             ; Untyped             ;
; INPUT_A_IS_CONSTANT                            ; NO            ; Untyped             ;
; INPUT_B_IS_CONSTANT                            ; NO            ; Untyped             ;
; USE_EAB                                        ; OFF           ; Untyped             ;
; MAXIMIZE_SPEED                                 ; 5             ; Untyped             ;
; DEVICE_FAMILY                                  ; Cyclone IV GX ; Untyped             ;
; CARRY_CHAIN                                    ; MANUAL        ; Untyped             ;
; APEX20K_TECHNOLOGY_MAPPER                      ; LUT           ; TECH_MAPPER_APEX20K ;
; DEDICATED_MULTIPLIER_CIRCUITRY                 ; AUTO          ; Untyped             ;
; DEDICATED_MULTIPLIER_MIN_INPUT_WIDTH_FOR_AUTO  ; 0             ; Untyped             ;
; DEDICATED_MULTIPLIER_MIN_OUTPUT_WIDTH_FOR_AUTO ; 0             ; Untyped             ;
; CBXI_PARAMETER                                 ; mult_17t      ; Untyped             ;
; INPUT_A_FIXED_VALUE                            ; Bx            ; Untyped             ;
; INPUT_B_FIXED_VALUE                            ; Bx            ; Untyped             ;
; USE_AHDL_IMPLEMENTATION                        ; OFF           ; Untyped             ;
+------------------------------------------------+---------------+---------------------+
Note: In order to hide this table in the UI and the text report file, please set the "Show Parameter Settings in Synthesis Report" option in "Analysis and Synthesis Settings -> More Settings" to "Off".


+----------------------------------------------------------------------------------------------------------------------------------+
; Parameter Settings for Inferred Entity Instance: Complex_ALU:u_alu|lpm_mult:Mult0|mult_17t:auto_generated|alt_mac_mult:mac_mult1 ;
+------------------------------+---------------+-----------------------------------------------------------------------------------+
; Parameter Name               ; Value         ; Type                                                                              ;
+------------------------------+---------------+-----------------------------------------------------------------------------------+
; LPM_WIDTHS                   ; 1             ; Untyped                                                                           ;
; DATAA_WIDTH                  ; 8             ; Untyped                                                                           ;
; DATAB_WIDTH                  ; 8             ; Untyped                                                                           ;
; DATAA_CLOCK                  ; NONE          ; Untyped                                                                           ;
; DATAB_CLOCK                  ; NONE          ; Untyped                                                                           ;
; SIGNA_CLOCK                  ; NONE          ; Untyped                                                                           ;
; SIGNB_CLOCK                  ; NONE          ; Untyped                                                                           ;
; OUTPUT_CLOCK                 ; NONE          ; Untyped                                                                           ;
; DATAA_CLEAR                  ; NONE          ; Untyped                                                                           ;
; DATAB_CLEAR                  ; NONE          ; Untyped                                                                           ;
; SIGNA_CLEAR                  ; NONE          ; Untyped                                                                           ;
; SIGNB_CLEAR                  ; NONE          ; Untyped                                                                           ;
; OUTPUT_CLEAR                 ; NONE          ; Untyped                                                                           ;
; ROUND_CLOCK                  ; none          ; Untyped                                                                           ;
; ROUND_CLEAR                  ; none          ; Untyped                                                                           ;
; SATURATE_CLOCK               ; none          ; Untyped                                                                           ;
; SATURATE_CLEAR               ; none          ; Untyped                                                                           ;
; BYPASS_MULTIPLIER            ; NO            ; Untyped                                                                           ;
; DYNAMIC_SCAN_CHAIN_SUPPORTED ; NO            ; Untyped                                                                           ;
; USING_ROUNDING               ; NO            ; Untyped                                                                           ;
; USING_SATURATION             ; NO            ; Untyped                                                                           ;
; EXTRA_OUTPUT_CLOCK           ; none          ; Untyped                                                                           ;
; EXTRA_SIGNA_CLOCK            ; none          ; Untyped                                                                           ;
; EXTRA_SIGNB_CLOCK            ; none          ; Untyped                                                                           ;
; EXTRA_OUTPUT_CLEAR           ; none          ; Untyped                                                                           ;
; EXTRA_SIGNA_CLEAR            ; none          ; Untyped                                                                           ;
; EXTRA_SIGNB_CLEAR            ; none          ; Untyped                                                                           ;
; MULT_PIPELINE                ; 0             ; Untyped                                                                           ;
; MULT_CLOCK                   ; NONE          ; Untyped                                                                           ;
; MULT_CLEAR                   ; NONE          ; Untyped                                                                           ;
; MULT_REPRESENTATION_A        ; SIGNED        ; Untyped                                                                           ;
; MULT_REPRESENTATION_B        ; SIGNED        ; Untyped                                                                           ;
; MULT_INPUT_A_IS_CONSTANT     ; NO            ; Untyped                                                                           ;
; MULT_INPUT_B_IS_CONSTANT     ; NO            ; Untyped                                                                           ;
; MULT_INPUT_A_FIXED_VALUE     ; Bx            ; Untyped                                                                           ;
; MULT_INPUT_B_FIXED_VALUE     ; Bx            ; Untyped                                                                           ;
; MULT_MAXIMIZE_SPEED          ; 5             ; Untyped                                                                           ;
; CBXI_PARAMETER               ; mac_mult_jah1 ; Untyped                                                                           ;
+------------------------------+---------------+-----------------------------------------------------------------------------------+
Note: In order to hide this table in the UI and the text report file, please set the "Show Parameter Settings in Synthesis Report" option in "Analysis and Synthesis Settings -> More Settings" to "Off".


+--------------------------------------------------------------------------------------------------------------------------------+
; Parameter Settings for Inferred Entity Instance: Complex_ALU:u_alu|lpm_mult:Mult0|mult_17t:auto_generated|alt_mac_out:mac_out2 ;
+-------------------------------+--------------+---------------------------------------------------------------------------------+
; Parameter Name                ; Value        ; Type                                                                            ;
+-------------------------------+--------------+---------------------------------------------------------------------------------+
; OPERATION_MODE                ; OUTPUT_ONLY  ; Untyped                                                                         ;
; DATAA_WIDTH                   ; 16           ; Untyped                                                                         ;
; DATAB_WIDTH                   ; 0            ; Untyped                                                                         ;
; DATAC_WIDTH                   ; 0            ; Untyped                                                                         ;
; DATAD_WIDTH                   ; 0            ; Untyped                                                                         ;
; ADDNSUB0_CLOCK                ; NONE         ; Untyped                                                                         ;
; ADDNSUB1_CLOCK                ; NONE         ; Untyped                                                                         ;
; ROUND0_CLOCK                  ; none         ; Untyped                                                                         ;
; ROUND1_CLOCK                  ; none         ; Untyped                                                                         ;
; SATURATE_CLOCK                ; none         ; Untyped                                                                         ;
; MULTABSATURATE_CLOCK          ; none         ; Untyped                                                                         ;
; MULTCDSATURATE_CLOCK          ; none         ; Untyped                                                                         ;
; ZEROACC_CLOCK                 ; NONE         ; Untyped                                                                         ;
; SIGNA_CLOCK                   ; NONE         ; Untyped                                                                         ;
; SIGNB_CLOCK                   ; NONE         ; Untyped                                                                         ;
; OUTPUT_CLOCK                  ; NONE         ; Untyped                                                                         ;
; ADDNSUB0_CLEAR                ; NONE         ; Untyped                                                                         ;
; ADDNSUB1_CLEAR                ; NONE         ; Untyped                                                                         ;
; ROUND0_CLEAR                  ; none         ; Untyped                                                                         ;
; ROUND1_CLEAR                  ; none         ; Untyped                                                                         ;
; SATURATE_CLEAR                ; none         ; Untyped                                                                         ;
; MULTABSATURATE_CLEAR          ; none         ; Untyped                                                                         ;
; MULTCDSATURATE_CLEAR          ; none         ; Untyped                                                                         ;
; ZEROACC_CLEAR                 ; NONE         ; Untyped                                                                         ;
; SIGNA_CLEAR                   ; NONE         ; Untyped                                                                         ;
; SIGNB_CLEAR                   ; NONE         ; Untyped                                                                         ;
; OUTPUT_CLEAR                  ; NONE         ; Untyped                                                                         ;
; ADDNSUB0_PIPELINE_CLOCK       ; NONE         ; Untyped                                                                         ;
; ADDNSUB1_PIPELINE_CLOCK       ; NONE         ; Untyped                                                                         ;
; ROUND0_PIPELINE_CLOCK         ; none         ; Untyped                                                                         ;
; ROUND1_PIPELINE_CLOCK         ; none         ; Untyped                                                                         ;
; SATURATE_PIPELINE_CLOCK       ; none         ; Untyped                                                                         ;
; MULTABSATURATE_PIPELINE_CLOCK ; none         ; Untyped                                                                         ;
; MULTCDSATURATE_PIPELINE_CLOCK ; none         ; Untyped                                                                         ;
; ZEROACC_PIPELINE_CLOCK        ; NONE         ; Untyped                                                                         ;
; SIGNA_PIPELINE_CLOCK          ; NONE         ; Untyped                                                                         ;
; SIGNB_PIPELINE_CLOCK          ; NONE         ; Untyped                                                                         ;
; ADDNSUB0_PIPELINE_CLEAR       ; NONE         ; Untyped                                                                         ;
; ADDNSUB1_PIPELINE_CLEAR       ; NONE         ; Untyped                                                                         ;
; ROUND0_PIPELINE_CLEAR         ; none         ; Untyped                                                                         ;
; ROUND1_PIPELINE_CLEAR         ; none         ; Untyped                                                                         ;
; SATURATE_PIPELINE_CLEAR       ; none         ; Untyped                                                                         ;
; MULTABSATURATE_PIPELINE_CLEAR ; none         ; Untyped                                                                         ;
; MULTCDSATURATE_PIPELINE_CLEAR ; none         ; Untyped                                                                         ;
; ZEROACC_PIPELINE_CLEAR        ; NONE         ; Untyped                                                                         ;
; SIGNA_PIPELINE_CLEAR          ; NONE         ; Untyped                                                                         ;
; SIGNB_PIPELINE_CLEAR          ; NONE         ; Untyped                                                                         ;
; MODE0_CLOCK                   ; none         ; Untyped                                                                         ;
; MODE1_CLOCK                   ; none         ; Untyped                                                                         ;
; ZEROACC1_CLOCK                ; none         ; Untyped                                                                         ;
; SATURATE1_CLOCK               ; none         ; Untyped                                                                         ;
; OUTPUT1_CLOCK                 ; none         ; Untyped                                                                         ;
; OUTPUT2_CLOCK                 ; none         ; Untyped                                                                         ;
; OUTPUT3_CLOCK                 ; none         ; Untyped                                                                         ;
; OUTPUT4_CLOCK                 ; none         ; Untyped                                                                         ;
; OUTPUT5_CLOCK                 ; none         ; Untyped                                                                         ;
; OUTPUT6_CLOCK                 ; none         ; Untyped                                                                         ;
; OUTPUT7_CLOCK                 ; none         ; Untyped                                                                         ;
; MODE0_CLEAR                   ; none         ; Untyped                                                                         ;
; MODE1_CLEAR                   ; none         ; Untyped                                                                         ;
; ZEROACC1_CLEAR                ; none         ; Untyped                                                                         ;
; SATURATE1_CLEAR               ; none         ; Untyped                                                                         ;
; OUTPUT1_CLEAR                 ; none         ; Untyped                                                                         ;
; OUTPUT2_CLEAR                 ; none         ; Untyped                                                                         ;
; OUTPUT3_CLEAR                 ; none         ; Untyped                                                                         ;
; OUTPUT4_CLEAR                 ; none         ; Untyped                                                                         ;
; OUTPUT5_CLEAR                 ; none         ; Untyped                                                                         ;
; OUTPUT6_CLEAR                 ; none         ; Untyped                                                                         ;
; OUTPUT7_CLEAR                 ; none         ; Untyped                                                                         ;
; MODE0_PIPELINE_CLOCK          ; none         ; Untyped                                                                         ;
; MODE1_PIPELINE_CLOCK          ; none         ; Untyped                                                                         ;
; ZEROACC1_PIPELINE_CLOCK       ; none         ; Untyped                                                                         ;
; SATURATE1_PIPELINE_CLOCK      ; none         ; Untyped                                                                         ;
; MODE0_PIPELINE_CLEAR          ; none         ; Untyped                                                                         ;
; MODE1_PIPELINE_CLEAR          ; none         ; Untyped                                                                         ;
; ZEROACC1_PIPELINE_CLEAR       ; none         ; Untyped                                                                         ;
; SATURATE1_PIPELINE_CLEAR      ; none         ; Untyped                                                                         ;
; FIRST_ADDER0_CLOCK            ; NONE         ; Untyped                                                                         ;
; FIRST_ADDER1_CLOCK            ; NONE         ; Untyped                                                                         ;
; FIRST_ADDER0_CLEAR            ; NONE         ; Untyped                                                                         ;
; FIRST_ADDER1_CLEAR            ; NONE         ; Untyped                                                                         ;
; DATAA_FORCED_TO_ZERO          ; NO           ; Untyped                                                                         ;
; DATAC_FORCED_TO_ZERO          ; NO           ; Untyped                                                                         ;
; USING_ROUNDING                ; NO           ; Untyped                                                                         ;
; USING_SATURATION              ; NO           ; Untyped                                                                         ;
; USING_MULT_SATURATION         ; NO           ; Untyped                                                                         ;
; USING_LOADABLE_ACCUM          ; NO           ; Untyped                                                                         ;
; LOADABLE_ACCUM_SUPPORTED      ; NO           ; Untyped                                                                         ;
; USING_CHAINOUT                ; NO           ; Untyped                                                                         ;
; CHAININ_WIDTH                 ; 0            ; Untyped                                                                         ;
; CHAINOUT_PIPELINE_CLOCK       ; none         ; Untyped                                                                         ;
; CHAINOUT_PIPELINE_CLEAR       ; none         ; Untyped                                                                         ;
; CBXI_PARAMETER                ; mac_out_ov82 ; Untyped                                                                         ;
+-------------------------------+--------------+---------------------------------------------------------------------------------+
Note: In order to hide this table in the UI and the text report file, please set the "Show Parameter Settings in Synthesis Report" option in "Analysis and Synthesis Settings -> More Settings" to "Off".


+--------------------------------------------------------------------------+
; lpm_mult Parameter Settings by Entity Instance                           ;
+---------------------------------------+----------------------------------+
; Name                                  ; Value                            ;
+---------------------------------------+----------------------------------+
; Number of entity instances            ; 1                                ;
; Entity Instance                       ; Complex_ALU:u_alu|lpm_mult:Mult0 ;
;     -- LPM_WIDTHA                     ; 8                                ;
;     -- LPM_WIDTHB                     ; 8                                ;
;     -- LPM_WIDTHP                     ; 16                               ;
;     -- LPM_REPRESENTATION             ; SIGNED                           ;
;     -- INPUT_A_IS_CONSTANT            ; NO                               ;
;     -- INPUT_B_IS_CONSTANT            ; NO                               ;
;     -- USE_EAB                        ; OFF                              ;
;     -- DEDICATED_MULTIPLIER_CIRCUITRY ; AUTO                             ;
;     -- INPUT_A_FIXED_VALUE            ; Bx                               ;
;     -- INPUT_B_FIXED_VALUE            ; Bx                               ;
+---------------------------------------+----------------------------------+


+---------------------------------------------------------------------------------------------------------------------------+
; Port Connectivity Checks: "Memory_32:u_mem"                                                                               ;
+-----------------+--------+----------+-------------------------------------------------------------------------------------+
; Port            ; Type   ; Severity ; Details                                                                             ;
+-----------------+--------+----------+-------------------------------------------------------------------------------------+
; data_out[13..0] ; Output ; Info     ; Connected to dangling logic. Logic that only feeds a dangling port will be removed. ;
+-----------------+--------+----------+-------------------------------------------------------------------------------------+


+-------------------------------+
; Elapsed Time Per Partition    ;
+----------------+--------------+
; Partition Name ; Elapsed Time ;
+----------------+--------------+
; Top            ; 00:00:02     ;
+----------------+--------------+


+-------------------------------+
; Analysis & Synthesis Messages ;
+-------------------------------+
Info: *******************************************************************
Info: Running Quartus II 64-Bit Analysis & Synthesis
    Info: Version 13.0.1 Build 232 06/12/2013 Service Pack 1 SJ Web Edition
    Info: Processing started: Wed Sep 02 11:31:36 2026
Info: Command: quartus_map --read_settings_files=on --write_settings_files=off Pipeline_CPU -c Pipeline_CPU
Warning (20028): Parallel compilation is not licensed and has been disabled
Warning (12125): Using design file pipeline_cpu.v, which is not specified as a design file for the current project, but contains definitions for 3 design units and 3 entities in project
    Info (12023): Found entity 1: Complex_ALU
    Info (12023): Found entity 2: Memory_32
    Info (12023): Found entity 3: Pipeline_CPU
Info (12127): Elaborating entity "Pipeline_CPU" for the top level hierarchy
Warning (10036): Verilog HDL or VHDL warning at pipeline_cpu.v(152): object "if_id_instr" assigned a value but never read
Warning (10230): Verilog HDL assignment warning at pipeline_cpu.v(195): truncated value with size 32 to match size of target (5)
Info (12128): Elaborating entity "Memory_32" for hierarchy "Memory_32:u_mem"
Warning (10030): Net "mem.data_a" at pipeline_cpu.v(125) has no driver or initial value, using a default initial value '0'
Warning (10030): Net "mem.waddr_a" at pipeline_cpu.v(125) has no driver or initial value, using a default initial value '0'
Warning (10030): Net "mem.we_a" at pipeline_cpu.v(125) has no driver or initial value, using a default initial value '0'
Info (12128): Elaborating entity "Complex_ALU" for hierarchy "Complex_ALU:u_alu"
Warning (10270): Verilog HDL Case Statement warning at pipeline_cpu.v(87): incomplete case statement has no default case item
Info (10264): Verilog HDL Case Statement information at pipeline_cpu.v(87): all case item expressions in this case statement are onehot
Info (276014): Found 1 instances of uninferred RAM logic
    Info (276004): RAM logic "Memory_32:u_mem|mem" is uninferred due to inappropriate RAM size
Warning (127007): Memory Initialization File or Hexadecimal (Intel-Format) File "C:/D_backup/shayan2/daaneshgaah/DSD_LAB/Main/8/db/Pipeline_CPU.ram0_Memory_32_e819ecad.hdl.mif" contains "don't care" values -- overwriting them with 0s
Info (278001): Inferred 2 megafunctions from design logic
    Info (278002): Inferred adder/subtractor megafunction ("lpm_add_sub") from the following logic: "Complex_ALU:u_alu|Add1"
    Info (278003): Inferred multiplier megafunction ("lpm_mult") from the following logic: "Complex_ALU:u_alu|Mult0"
Info (12130): Elaborated megafunction instantiation "Complex_ALU:u_alu|lpm_add_sub:Add1"
Info (12133): Instantiated megafunction "Complex_ALU:u_alu|lpm_add_sub:Add1" with the following parameter:
    Info (12134): Parameter "LPM_WIDTH" = "16"
    Info (12134): Parameter "LPM_DIRECTION" = "DEFAULT"
    Info (12134): Parameter "LPM_REPRESENTATION" = "UNSIGNED"
    Info (12134): Parameter "ONE_INPUT_IS_CONSTANT" = "NO"
Info (12021): Found 1 design units, including 1 entities, in source file db/add_sub_l3j.tdf
    Info (12023): Found entity 1: add_sub_l3j
Info (12130): Elaborated megafunction instantiation "Complex_ALU:u_alu|lpm_mult:Mult0"
Info (12133): Instantiated megafunction "Complex_ALU:u_alu|lpm_mult:Mult0" with the following parameter:
    Info (12134): Parameter "LPM_WIDTHA" = "8"
    Info (12134): Parameter "LPM_WIDTHB" = "8"
    Info (12134): Parameter "LPM_WIDTHP" = "16"
    Info (12134): Parameter "LPM_WIDTHR" = "16"
    Info (12134): Parameter "LPM_WIDTHS" = "1"
    Info (12134): Parameter "LPM_REPRESENTATION" = "SIGNED"
    Info (12134): Parameter "INPUT_A_IS_CONSTANT" = "NO"
    Info (12134): Parameter "INPUT_B_IS_CONSTANT" = "NO"
    Info (12134): Parameter "MAXIMIZE_SPEED" = "5"
Info (12021): Found 1 design units, including 1 entities, in source file db/mult_17t.tdf
    Info (12023): Found entity 1: mult_17t
Info (270001): Converted 1 DSP block slices
    Info (270002): Used 1 DSP blocks before DSP block balancing
        Info (270003): Used 1 DSP block slices in "Simple Multiplier (9-bit)" mode implemented in approximately 1 DSP blocks
    Info (270013): Converted the following 1 DSP block slices to logic elements
        Info (270006): DSP block slice in "Simple Multiplier (9-bit)" mode with output node "Complex_ALU:u_alu|lpm_mult:Mult0|mult_17t:auto_generated|mac_out2"
            Info (270004): DSP block output node "Complex_ALU:u_alu|lpm_mult:Mult0|mult_17t:auto_generated|mac_out2"
            Info (270005): DSP block multiplier node "Complex_ALU:u_alu|lpm_mult:Mult0|mult_17t:auto_generated|mac_mult1"
    Info (270002): Used 0 DSP blocks after DSP block balancing
Info (12130): Elaborated megafunction instantiation "Complex_ALU:u_alu|lpm_mult:Mult0|mult_17t:auto_generated|alt_mac_mult:mac_mult1"
Info (12133): Instantiated megafunction "Complex_ALU:u_alu|lpm_mult:Mult0|mult_17t:auto_generated|alt_mac_mult:mac_mult1" with the following parameter:
    Info (12134): Parameter "MULT_REPRESENTATION_A" = "SIGNED"
    Info (12134): Parameter "MULT_REPRESENTATION_B" = "SIGNED"
    Info (12134): Parameter "MULT_PIPELINE" = "0"
    Info (12134): Parameter "MULT_CLOCK" = "NONE"
    Info (12134): Parameter "MULT_CLEAR" = "NONE"
    Info (12134): Parameter "MULT_INPUT_A_IS_CONSTANT" = "NO"
    Info (12134): Parameter "MULT_INPUT_B_IS_CONSTANT" = "NO"
    Info (12134): Parameter "dataa_width" = "8"
    Info (12134): Parameter "datab_width" = "8"
    Info (12134): Parameter "output_width" = "16"
    Info (12134): Parameter "dataa_clock" = "NONE"
    Info (12134): Parameter "datab_clock" = "NONE"
    Info (12134): Parameter "signa_clock" = "NONE"
    Info (12134): Parameter "signb_clock" = "NONE"
    Info (12134): Parameter "output_clock" = "NONE"
    Info (12134): Parameter "dataa_clear" = "NONE"
    Info (12134): Parameter "datab_clear" = "NONE"
    Info (12134): Parameter "signa_clear" = "NONE"
    Info (12134): Parameter "signb_clear" = "NONE"
    Info (12134): Parameter "output_clear" = "NONE"
Info (12021): Found 1 design units, including 1 entities, in source file db/mac_mult_jah1.tdf
    Info (12023): Found entity 1: mac_mult_jah1
Info (12021): Found 1 design units, including 1 entities, in source file db/mult_dho.tdf
    Info (12023): Found entity 1: mult_dho
Info (12130): Elaborated megafunction instantiation "Complex_ALU:u_alu|lpm_mult:Mult0|mult_17t:auto_generated|alt_mac_out:mac_out2"
Info (12133): Instantiated megafunction "Complex_ALU:u_alu|lpm_mult:Mult0|mult_17t:auto_generated|alt_mac_out:mac_out2" with the following parameter:
    Info (12134): Parameter "OPERATION_MODE" = "OUTPUT_ONLY"
    Info (12134): Parameter "dataa_width" = "16"
    Info (12134): Parameter "datab_width" = "0"
    Info (12134): Parameter "datac_width" = "0"
    Info (12134): Parameter "datad_width" = "0"
    Info (12134): Parameter "output_width" = "16"
    Info (12134): Parameter "signa_clock" = "NONE"
    Info (12134): Parameter "signb_clock" = "NONE"
    Info (12134): Parameter "addnsub0_clock" = "NONE"
    Info (12134): Parameter "addnsub1_clock" = "NONE"
    Info (12134): Parameter "zeroacc_clock" = "NONE"
    Info (12134): Parameter "first_adder0_clock" = "NONE"
    Info (12134): Parameter "first_adder1_clock" = "NONE"
    Info (12134): Parameter "output_clock" = "NONE"
    Info (12134): Parameter "signa_clear" = "NONE"
    Info (12134): Parameter "signb_clear" = "NONE"
    Info (12134): Parameter "addnsub0_clear" = "NONE"
    Info (12134): Parameter "addnsub1_clear" = "NONE"
    Info (12134): Parameter "zeroacc_clear" = "NONE"
    Info (12134): Parameter "first_adder0_clear" = "NONE"
    Info (12134): Parameter "first_adder1_clear" = "NONE"
    Info (12134): Parameter "output_clear" = "NONE"
    Info (12134): Parameter "signa_pipeline_clock" = "NONE"
    Info (12134): Parameter "signb_pipeline_clock" = "NONE"
    Info (12134): Parameter "addnsub0_pipeline_clock" = "NONE"
    Info (12134): Parameter "addnsub1_pipeline_clock" = "NONE"
    Info (12134): Parameter "zeroacc_pipeline_clock" = "NONE"
    Info (12134): Parameter "signa_pipeline_clear" = "NONE"
    Info (12134): Parameter "signb_pipeline_clear" = "NONE"
    Info (12134): Parameter "addnsub0_pipeline_clear" = "NONE"
    Info (12134): Parameter "addnsub1_pipeline_clear" = "NONE"
    Info (12134): Parameter "zeroacc_pipeline_clear" = "NONE"
Info (12021): Found 1 design units, including 1 entities, in source file db/mac_out_ov82.tdf
    Info (12023): Found entity 1: mac_out_ov82
Info (13014): Ignored 116 buffer(s)
    Info (13016): Ignored 6 CARRY_SUM buffer(s)
    Info (13019): Ignored 110 SOFT buffer(s)
Info (286030): Timing-Driven Synthesis is running
Info (17049): 3 registers lost all their fanouts during netlist optimizations.
Info (16010): Generating hard_block partition "hard_block:auto_generated_inst"
    Info (16011): Adding 0 node(s), including 0 DDIO, 0 PLL, 0 transceiver and 0 LCELL
Info (21057): Implemented 388 device resources after synthesis - the final resource count might be different
    Info (21058): Implemented 34 input pins
    Info (21059): Implemented 38 output pins
    Info (21061): Implemented 316 logic cells
Info: Quartus II 64-Bit Analysis & Synthesis was successful. 0 errors, 9 warnings
    Info: Peak virtual memory: 4657 megabytes
    Info: Processing ended: Wed Sep 02 11:31:40 2026
    Info: Elapsed time: 00:00:04
    Info: Total CPU time (on all processors): 00:00:02


