------------------------------------------------------------
Timing Analyzer Summary
------------------------------------------------------------

Type  : Slow 1100mV 85C Model Setup 'clk'
Slack : -1.451
TNS   : -7.670

Type  : Slow 1100mV 85C Model Hold 'clk'
Slack : 0.451
TNS   : 0.000

Type  : Slow 1100mV 85C Model Minimum Pulse Width 'clk'
Slack : -0.724
TNS   : -7.778

Type  : Slow 1100mV 0C Model Setup 'clk'
Slack : -1.411
TNS   : -7.527

Type  : Slow 1100mV 0C Model Hold 'clk'
Slack : 0.433
TNS   : 0.000

Type  : Slow 1100mV 0C Model Minimum Pulse Width 'clk'
Slack : -0.724
TNS   : -7.755

Type  : Fast 1100mV 85C Model Setup 'clk'
Slack : -0.033
TNS   : -0.056

Type  : Fast 1100mV 85C Model Hold 'clk'
Slack : 0.180
TNS   : 0.000

Type  : Fast 1100mV 85C Model Minimum Pulse Width 'clk'
Slack : -0.089
TNS   : -0.602

Type  : Fast 1100mV 0C Model Setup 'clk'
Slack : 0.040
TNS   : 0.000

Type  : Fast 1100mV 0C Model Hold 'clk'
Slack : 0.171
TNS   : 0.000

Type  : Fast 1100mV 0C Model Minimum Pulse Width 'clk'
Slack : -0.087
TNS   : -0.587

------------------------------------------------------------
